| EntityFrameworkCore.cs:50:18:50:28 | access to local variable taintSource | EntityFrameworkCore.cs:47:31:47:39 | "tainted" |
| EntityFrameworkCore.cs:51:18:51:46 | (...) ... | EntityFrameworkCore.cs:47:31:47:39 | "tainted" |
| EntityFrameworkCore.cs:52:18:52:42 | (...) ... | EntityFrameworkCore.cs:47:31:47:39 | "tainted" |
