| EntityFrameworkCore.cs:56:18:56:28 | access to local variable taintSource | EntityFrameworkCore.cs:53:31:53:39 | "tainted" |
| EntityFrameworkCore.cs:57:18:57:46 | (...) ... | EntityFrameworkCore.cs:53:31:53:39 | "tainted" |
| EntityFrameworkCore.cs:58:18:58:42 | (...) ... | EntityFrameworkCore.cs:53:31:53:39 | "tainted" |
| EntityFrameworkCore.cs:86:18:86:41 | access to property Name | EntityFrameworkCore.cs:53:31:53:39 | "tainted" |
