| EntityFramework.cs:36:13:36:36 | ... = ... |
| EntityFramework.cs:39:13:39:52 | object creation of type SqlCommand |
| EntityFramework.cs:41:13:41:47 | call to method ExecuteSqlCommand |
| EntityFramework.cs:42:19:42:58 | call to method ExecuteSqlCommandAsync |
| EntityFrameworkCore.cs:40:13:40:46 | call to method ExecuteSqlCommand |
| EntityFrameworkCore.cs:41:19:41:57 | call to method ExecuteSqlCommandAsync |
| EntityFrameworkCore.cs:44:13:44:29 | call to method Build |
| EntityFrameworkCore.cs:47:13:47:32 | object creation of type RawSqlString |
| EntityFrameworkCore.cs:48:32:48:33 | call to operator implicit conversion |
| EntityFrameworkCore.cs:57:18:57:46 | object creation of type RawSqlString |
| EntityFrameworkCore.cs:58:18:58:42 | call to operator implicit conversion |
